// Jest Snapshot v1, https://goo.gl/fbAQLP

exports[`<IndexPage /> Snapshots renders correctly 1`] = `
<div>
  Index page
</div>
`;
